Java HotSpot(TM) 64-Bit Server VM (25.144-b01) for bsd-amd64 JRE (1.8.0_144-b01), built on Jul 21 2017 22:07:42 by "java_re" with gcc 4.2.1 (Based on Apple Inc. build 5658) (LLVM build 2336.11.00)
Memory: 4k page, physical 16777216k(1078672k free)

/proc/meminfo:

CommandLine flags: -XX:InitialHeapSize=1073741824 -XX:MaxHeapSize=1073741824 -XX:+PrintGC -XX:+PrintGCDateStamps -XX:+PrintGCTimeStamps -XX:+UseCompressedClassPointers -XX:+UseCompressedOops -XX:+UseG1GC 
2021-03-28T21:34:03.252-0800: 0.125: [GC pause (G1 Evacuation Pause) (young) 63M->26M(1024M), 0.0062008 secs]
2021-03-28T21:34:03.271-0800: 0.144: [GC pause (G1 Evacuation Pause) (young) 79M->42M(1024M), 0.0054154 secs]
2021-03-28T21:34:03.293-0800: 0.166: [GC pause (G1 Evacuation Pause) (young) 102M->65M(1024M), 0.0056512 secs]
2021-03-28T21:34:03.337-0800: 0.210: [GC pause (G1 Evacuation Pause) (young) 165M->100M(1024M), 0.0106217 secs]
2021-03-28T21:34:03.369-0800: 0.242: [GC pause (G1 Evacuation Pause) (young) 190M->126M(1024M), 0.0090956 secs]
2021-03-28T21:34:03.623-0800: 0.496: [GC pause (G1 Evacuation Pause) (young) 630M->262M(1024M), 0.0320533 secs]
2021-03-28T21:34:03.669-0800: 0.542: [GC pause (G1 Evacuation Pause) (young) 347M->280M(1024M), 0.0088835 secs]
2021-03-28T21:34:03.719-0800: 0.592: [GC pause (G1 Evacuation Pause) (young) 487M->334M(1024M), 0.0139992 secs]
2021-03-28T21:34:03.781-0800: 0.654: [GC pause (G1 Evacuation Pause) (young) 599M->400M(1024M), 0.0182628 secs]
2021-03-28T21:34:03.820-0800: 0.693: [GC pause (G1 Humongous Allocation) (young) (initial-mark) 524M->427M(1024M), 0.0062142 secs]
2021-03-28T21:34:03.826-0800: 0.699: [GC concurrent-root-region-scan-start]
2021-03-28T21:34:03.826-0800: 0.699: [GC concurrent-root-region-scan-end, 0.0001370 secs]
2021-03-28T21:34:03.826-0800: 0.699: [GC concurrent-mark-start]
2021-03-28T21:34:03.829-0800: 0.702: [GC concurrent-mark-end, 0.0031395 secs]
2021-03-28T21:34:03.830-0800: 0.703: [GC remark, 0.0014245 secs]
2021-03-28T21:34:03.831-0800: 0.704: [GC cleanup 444M->433M(1024M), 0.0009055 secs]
2021-03-28T21:34:03.832-0800: 0.705: [GC concurrent-cleanup-start]
2021-03-28T21:34:03.832-0800: 0.705: [GC concurrent-cleanup-end, 0.0000193 secs]
2021-03-28T21:34:03.922-0800: 0.795: [GC pause (G1 Evacuation Pause) (young)-- 842M->623M(1024M), 0.0098712 secs]
2021-03-28T21:34:03.933-0800: 0.806: [GC pause (G1 Evacuation Pause) (mixed) 632M->546M(1024M), 0.0109683 secs]
2021-03-28T21:34:03.954-0800: 0.827: [GC pause (G1 Evacuation Pause) (mixed) 603M->557M(1024M), 0.0035970 secs]
2021-03-28T21:34:03.959-0800: 0.832: [GC pause (G1 Humongous Allocation) (young) (initial-mark) 560M->558M(1024M), 0.0017539 secs]
2021-03-28T21:34:03.961-0800: 0.834: [GC concurrent-root-region-scan-start]
2021-03-28T21:34:03.961-0800: 0.834: [GC concurrent-root-region-scan-end, 0.0001004 secs]
2021-03-28T21:34:03.961-0800: 0.834: [GC concurrent-mark-start]
2021-03-28T21:34:03.962-0800: 0.835: [GC concurrent-mark-end, 0.0013819 secs]
2021-03-28T21:34:03.962-0800: 0.835: [GC remark, 0.0015857 secs]
2021-03-28T21:34:03.964-0800: 0.837: [GC cleanup 566M->559M(1024M), 0.0009854 secs]
2021-03-28T21:34:03.965-0800: 0.838: [GC concurrent-cleanup-start]
2021-03-28T21:34:03.965-0800: 0.838: [GC concurrent-cleanup-end, 0.0000164 secs]
2021-03-28T21:34:04.014-0800: 0.887: [GC pause (G1 Evacuation Pause) (young) 852M->630M(1024M), 0.0105713 secs]
2021-03-28T21:34:04.029-0800: 0.902: [GC pause (G1 Evacuation Pause) (mixed) 656M->539M(1024M), 0.0061257 secs]
2021-03-28T21:34:04.046-0800: 0.919: [GC pause (G1 Evacuation Pause) (mixed) 599M->477M(1024M), 0.0069901 secs]
2021-03-28T21:34:04.062-0800: 0.935: [GC pause (G1 Evacuation Pause) (mixed) 532M->480M(1024M), 0.0045669 secs]
2021-03-28T21:34:04.067-0800: 0.940: [GC pause (G1 Humongous Allocation) (young) (initial-mark) 481M->481M(1024M), 0.0017934 secs]
2021-03-28T21:34:04.069-0800: 0.942: [GC concurrent-root-region-scan-start]
2021-03-28T21:34:04.069-0800: 0.942: [GC concurrent-root-region-scan-end, 0.0000874 secs]
2021-03-28T21:34:04.069-0800: 0.942: [GC concurrent-mark-start]
2021-03-28T21:34:04.070-0800: 0.943: [GC concurrent-mark-end, 0.0015205 secs]
2021-03-28T21:34:04.070-0800: 0.943: [GC remark, 0.0016365 secs]
2021-03-28T21:34:04.072-0800: 0.945: [GC cleanup 492M->487M(1024M), 0.0009079 secs]
2021-03-28T21:34:04.073-0800: 0.946: [GC concurrent-cleanup-start]
2021-03-28T21:34:04.073-0800: 0.946: [GC concurrent-cleanup-end, 0.0000174 secs]
2021-03-28T21:34:04.136-0800: 1.009: [GC pause (G1 Evacuation Pause) (young)-- 865M->707M(1024M), 0.0072232 secs]
2021-03-28T21:34:04.146-0800: 1.019: [GC pause (G1 Evacuation Pause) (mixed) 721M->637M(1024M), 0.0114970 secs]
2021-03-28T21:34:04.169-0800: 1.041: [GC pause (G1 Evacuation Pause) (mixed) 694M->644M(1024M), 0.0049749 secs]
2021-03-28T21:34:04.174-0800: 1.047: [GC pause (G1 Humongous Allocation) (young) (initial-mark) 645M->644M(1024M), 0.0026150 secs]
2021-03-28T21:34:04.177-0800: 1.050: [GC concurrent-root-region-scan-start]
2021-03-28T21:34:04.177-0800: 1.050: [GC concurrent-root-region-scan-end, 0.0001372 secs]
2021-03-28T21:34:04.177-0800: 1.050: [GC concurrent-mark-start]
2021-03-28T21:34:04.179-0800: 1.052: [GC concurrent-mark-end, 0.0018445 secs]
2021-03-28T21:34:04.179-0800: 1.052: [GC remark, 0.0016726 secs]
2021-03-28T21:34:04.181-0800: 1.053: [GC cleanup 655M->644M(1024M), 0.0009182 secs]
2021-03-28T21:34:04.181-0800: 1.054: [GC concurrent-cleanup-start]
2021-03-28T21:34:04.182-0800: 1.054: [GC concurrent-cleanup-end, 0.0000188 secs]
