Java HotSpot(TM) 64-Bit Server VM (25.144-b01) for bsd-amd64 JRE (1.8.0_144-b01), built on Jul 21 2017 22:07:42 by "java_re" with gcc 4.2.1 (Based on Apple Inc. build 5658) (LLVM build 2336.11.00)
Memory: 4k page, physical 16777216k(872592k free)

/proc/meminfo:

CommandLine flags: -XX:InitialHeapSize=536870912 -XX:MaxHeapSize=536870912 -XX:+PrintGC -XX:+PrintGCDateStamps -XX:+PrintGCDetails -XX:+PrintGCTimeStamps -XX:+UseCompressedClassPointers -XX:+UseCompressedOops -XX:+UseSerialGC 
2021-03-28T20:58:03.321-0800: 0.157: [GC (Allocation Failure) 2021-03-28T20:58:03.322-0800: 0.157: [DefNew: 139776K->17471K(157248K), 0.0291522 secs] 139776K->49128K(506816K), 0.0293536 secs] [Times: user=0.02 sys=0.01, real=0.03 secs] 
2021-03-28T20:58:03.378-0800: 0.213: [GC (Allocation Failure) 2021-03-28T20:58:03.378-0800: 0.214: [DefNew: 157247K->17471K(157248K), 0.0359565 secs] 188904K->92445K(506816K), 0.0360531 secs] [Times: user=0.02 sys=0.01, real=0.04 secs] 
2021-03-28T20:58:03.432-0800: 0.267: [GC (Allocation Failure) 2021-03-28T20:58:03.432-0800: 0.267: [DefNew: 157247K->17466K(157248K), 0.0283349 secs] 232221K->133721K(506816K), 0.0284352 secs] [Times: user=0.01 sys=0.02, real=0.03 secs] 
2021-03-28T20:58:03.480-0800: 0.316: [GC (Allocation Failure) 2021-03-28T20:58:03.481-0800: 0.316: [DefNew: 157234K->17471K(157248K), 0.0294771 secs] 273489K->176555K(506816K), 0.0295736 secs] [Times: user=0.02 sys=0.01, real=0.03 secs] 
2021-03-28T20:58:03.529-0800: 0.365: [GC (Allocation Failure) 2021-03-28T20:58:03.529-0800: 0.365: [DefNew: 157247K->17471K(157248K), 0.0293076 secs] 316331K->221021K(506816K), 0.0293984 secs] [Times: user=0.02 sys=0.01, real=0.03 secs] 
2021-03-28T20:58:03.579-0800: 0.414: [GC (Allocation Failure) 2021-03-28T20:58:03.579-0800: 0.415: [DefNew: 157247K->17470K(157248K), 0.0239187 secs] 360797K->258428K(506816K), 0.0240140 secs] [Times: user=0.01 sys=0.01, real=0.03 secs] 
2021-03-28T20:58:03.624-0800: 0.460: [GC (Allocation Failure) 2021-03-28T20:58:03.624-0800: 0.460: [DefNew: 157246K->17471K(157248K), 0.0286541 secs] 398204K->298707K(506816K), 0.0287487 secs] [Times: user=0.02 sys=0.01, real=0.03 secs] 
2021-03-28T20:58:03.675-0800: 0.511: [GC (Allocation Failure) 2021-03-28T20:58:03.676-0800: 0.511: [DefNew: 157247K->17471K(157248K), 0.0303540 secs] 438483K->339571K(506816K), 0.0304521 secs] [Times: user=0.02 sys=0.02, real=0.03 secs] 
2021-03-28T20:58:03.728-0800: 0.563: [GC (Allocation Failure) 2021-03-28T20:58:03.728-0800: 0.564: [DefNew: 157247K->157247K(157248K), 0.0000213 secs]2021-03-28T20:58:03.728-0800: 0.564: [Tenured: 322099K->267235K(349568K), 0.0404760 secs] 479347K->267235K(506816K), [Metaspace: 2545K->2545K(1056768K)], 0.0406147 secs] [Times: user=0.04 sys=0.00, real=0.04 secs] 
2021-03-28T20:58:03.790-0800: 0.626: [GC (Allocation Failure) 2021-03-28T20:58:03.790-0800: 0.626: [DefNew: 139776K->17470K(157248K), 0.0085048 secs] 407011K->321868K(506816K), 0.0086129 secs] [Times: user=0.01 sys=0.00, real=0.00 secs] 
2021-03-28T20:58:03.822-0800: 0.658: [GC (Allocation Failure) 2021-03-28T20:58:03.822-0800: 0.658: [DefNew (promotion failed) : 157246K->157247K(157248K), 0.0252286 secs]2021-03-28T20:58:03.848-0800: 0.683: [Tenured: 349549K->304927K(349568K), 0.0478807 secs] 461644K->304927K(506816K), [Metaspace: 2545K->2545K(1056768K)], 0.0732647 secs] [Times: user=0.06 sys=0.01, real=0.07 secs] 
2021-03-28T20:58:03.921-0800: 0.757: [GC (Allocation Failure) 2021-03-28T20:58:03.921-0800: 0.757: [DefNew: 139776K->139776K(157248K), 0.0000247 secs]2021-03-28T20:58:03.921-0800: 0.757: [Tenured: 304927K->321439K(349568K), 0.0449219 secs] 444703K->321439K(506816K), [Metaspace: 2545K->2545K(1056768K)], 0.0450798 secs] [Times: user=0.04 sys=0.00, real=0.04 secs] 
2021-03-28T20:58:03.989-0800: 0.825: [GC (Allocation Failure) 2021-03-28T20:58:03.989-0800: 0.825: [DefNew: 139776K->139776K(157248K), 0.0000247 secs]2021-03-28T20:58:03.989-0800: 0.825: [Tenured: 321439K->312818K(349568K), 0.0493717 secs] 461215K->312818K(506816K), [Metaspace: 2545K->2545K(1056768K)], 0.0495298 secs] [Times: user=0.05 sys=0.00, real=0.05 secs] 
2021-03-28T20:58:04.064-0800: 0.900: [GC (Allocation Failure) 2021-03-28T20:58:04.065-0800: 0.900: [DefNew: 139776K->139776K(157248K), 0.0000242 secs]2021-03-28T20:58:04.065-0800: 0.900: [Tenured: 312818K->338720K(349568K), 0.0378042 secs] 452594K->338720K(506816K), [Metaspace: 2545K->2545K(1056768K)], 0.0379535 secs] [Times: user=0.04 sys=0.00, real=0.04 secs] 
2021-03-28T20:58:04.126-0800: 0.961: [GC (Allocation Failure) 2021-03-28T20:58:04.126-0800: 0.961: [DefNew: 139776K->139776K(157248K), 0.0000258 secs]2021-03-28T20:58:04.126-0800: 0.961: [Tenured: 338720K->345593K(349568K), 0.0445255 secs] 478496K->345593K(506816K), [Metaspace: 2545K->2545K(1056768K)], 0.0446775 secs] [Times: user=0.04 sys=0.00, real=0.05 secs] 
2021-03-28T20:58:04.193-0800: 1.028: [GC (Allocation Failure) 2021-03-28T20:58:04.193-0800: 1.028: [DefNew: 139769K->139769K(157248K), 0.0000262 secs]2021-03-28T20:58:04.193-0800: 1.028: [Tenured: 345593K->347519K(349568K), 0.0462739 secs] 485362K->347519K(506816K), [Metaspace: 2545K->2545K(1056768K)], 0.0464429 secs] [Times: user=0.05 sys=0.00, real=0.04 secs] 
Heap
 def new generation   total 157248K, used 5812K [0x00000007a0000000, 0x00000007aaaa0000, 0x00000007aaaa0000)
  eden space 139776K,   4% used [0x00000007a0000000, 0x00000007a05ad2c8, 0x00000007a8880000)
  from space 17472K,   0% used [0x00000007a8880000, 0x00000007a8880000, 0x00000007a9990000)
  to   space 17472K,   0% used [0x00000007a9990000, 0x00000007a9990000, 0x00000007aaaa0000)
 tenured generation   total 349568K, used 347519K [0x00000007aaaa0000, 0x00000007c0000000, 0x00000007c0000000)
   the space 349568K,  99% used [0x00000007aaaa0000, 0x00000007bfdfff28, 0x00000007bfe00000, 0x00000007c0000000)
 Metaspace       used 2551K, capacity 4486K, committed 4864K, reserved 1056768K
  class space    used 276K, capacity 386K, committed 512K, reserved 1048576K
